// Jest Snapshot v1, https://goo.gl/fbAQLP

exports[`PC Icon component renders a PC SVG icon properly 1`] = `
<svg
  className="w-6 h-6"
  fill="none"
  viewBox="0 0 24 24"
>
  <path
    className="stroke-slate-400 dark:stroke-slate-500"
    d="M4 6a2 2 0 0 1 2-2h12a2 2 0 0 1 2 2v7a2 2 0 0 1-2 2H6a2 2 0 0 1-2-2V6Z"
    strokeLinejoin="round"
    strokeWidth="2"
  />
  <path
    className="stroke-slate-400 dark:stroke-slate-500"
    d="M14 15c0 3 2 5 2 5H8s2-2 2-5"
    strokeLinecap="round"
    strokeLinejoin="round"
    strokeWidth="2"
  />
</svg>
`;
