// Jest Snapshot v1, https://goo.gl/fbAQLP

exports[`Next.js Logo component renders an SVG logo 1`] = `
<svg
  className="text-slate-400 stroke-current w-auto h-8"
  fill="none"
  viewBox="0 0 25 25"
  xmlns="http://www.w3.org/2000/svg"
>
  <path
    d="M24 12.25C24 18.7389 18.7389 24 12.25 24C5.76114 24 0.5 18.7389 0.5 12.25C0.5 5.76114 5.76114 0.5 12.25 0.5C18.7389 0.5 24 5.76114 24 12.25Z"
    stroke="currentColor"
  />
  <path
    d="M8 16V8L18 20"
    stroke="currentColor"
    strokeLinecap="round"
    strokeLinejoin="round"
    strokeWidth="1.5"
  />
  <path
    d="M17.25 8C17.25 7.80109 17.171 7.61032 17.0303 7.46967C16.8897 7.32902 16.6989 7.25 16.5 7.25C16.3011 7.25 16.1103 7.32902 15.9697 7.46967C15.829 7.61032 15.75 7.80109 15.75 8V16.17L17.25 17.81V8Z"
    fill="currentColor"
  />
  <defs>
    <linearGradient
      gradientUnits="userSpaceOnUse"
      id="paint0_linear_22_8"
      x1="10.551"
      x2="18.2315"
      y1="13.2632"
      y2="20.7085"
    >
      <stop
        offset="0.24"
      />
      <stop
        offset="1"
        stopOpacity="0"
      />
    </linearGradient>
    <linearGradient
      gradientUnits="userSpaceOnUse"
      id="paint1_linear_22_8"
      x1="16.5"
      x2="16.5"
      y1="7.25"
      y2="14.25"
    >
      <stop />
      <stop
        offset="1"
        stopOpacity="0"
      />
    </linearGradient>
  </defs>
</svg>
`;
