// Jest Snapshot v1, https://goo.gl/fbAQLP

exports[`Action Menu component renders the action menu as expected 1`] = `
<div
  className="flex items-center gap-0.5"
>
  <button
    className="flex group items-center justify-center border border-transparent gap-2 text-sm font-semibold rounded-md disabled:opacity-50 whitespace-nowrap bg-transparent border-transparent text-neutral-500 dark:text-neutral-400 hover:bg-black/5 hover:text-neutral-700 active:bg-black/10 active:text-neutral-800 dark:hover:bg-white/10 dark:hover:text-neutral-300 dark:active:text-neutral-200 w-8 h-8 gap-1 min-w-[2rem] px-2 w-auto"
    onClick={[Function]}
  >
    <svg
      className="lucide lucide-plus w-4 h-4"
      fill="none"
      height={24}
      stroke="currentColor"
      strokeLinecap="round"
      strokeLinejoin="round"
      strokeWidth={2.5}
      viewBox="0 0 24 24"
      width={24}
      xmlns="http://www.w3.org/2000/svg"
    >
      <path
        d="M5 12h14"
      />
      <path
        d="M12 5v14"
      />
    </svg>
  </button>
  <button
    aria-controls="radix-:r0:"
    aria-expanded={false}
    aria-haspopup="dialog"
    className="flex group items-center justify-center border border-transparent gap-2 text-sm font-semibold rounded-md disabled:opacity-50 whitespace-nowrap bg-transparent border-transparent text-neutral-500 dark:text-neutral-400 hover:bg-black/5 hover:text-neutral-700 active:bg-black/10 active:text-neutral-800 dark:hover:bg-white/10 dark:hover:text-neutral-300 dark:active:text-neutral-200 w-8 h-8 gap-1 min-w-[2rem] px-2 w-auto"
    data-state="closed"
    onClick={[Function]}
    type="button"
  >
    <svg
      className="lucide lucide-grip-vertical w-4 h-4"
      fill="none"
      height={24}
      stroke="currentColor"
      strokeLinecap="round"
      strokeLinejoin="round"
      strokeWidth={2.5}
      viewBox="0 0 24 24"
      width={24}
      xmlns="http://www.w3.org/2000/svg"
    >
      <circle
        cx="9"
        cy="12"
        r="1"
      />
      <circle
        cx="9"
        cy="5"
        r="1"
      />
      <circle
        cx="9"
        cy="19"
        r="1"
      />
      <circle
        cx="15"
        cy="12"
        r="1"
      />
      <circle
        cx="15"
        cy="5"
        r="1"
      />
      <circle
        cx="15"
        cy="19"
        r="1"
      />
    </svg>
  </button>
</div>
`;
