// Jest Snapshot v1, https://goo.gl/fbAQLP

exports[`Table of contents renders the table of contents properly 1`] = `
<div
  className="px-8"
>
  <h5
    className="text-slate-900 font-semibold mb-4 text-sm leading-6 dark:text-slate-100"
  >
    On this page
  </h5>
  <ul
    className="text-slate-700 text-sm leading-6"
  />
</div>
`;
